// Jest Snapshot v1, https://goo.gl/fbAQLP

exports[`app renders 1`] = `
<Wrapper>
  <Chart />
</Wrapper>
`;
